[ebt-default.blogspot.in/index.html]
[backblue.gif]
[fade.gif]
[index.html]
[ebt-default.blogspot.in/favicon.ico]
[cdnjs.cloudflare.com/ajax/libs/twitter-bootstrap/3.3.7/css/bootstrap.min.css]
[cdnjs.cloudflare.com/ajax/libs/font-awesome/4.7.0/css/font-awesome.min.css]
[ebt-default.blogspot.in/Popover requires tooltip.3.delayed]
[4.bp.blogspot.com/-KoW9ad_SfvU/WIcmkpAMNzI/AAAAAAAABNc/_xVxdFPONqUPlYBWZICl2TJN90GtCWUiwCK4B/s200/logo.png]
[ebt-default.blogspot.in/index0daf.html]
[ebt-default.blogspot.in/index562e.html]
[ebt-default.blogspot.in/search/label/Shoesd224.html]
[2.bp.blogspot.com/-_i_QqgHuAsE/WIy-P4-FqhI/AAAAAAAABQI/jx9phjrwptAXm-gBE6Zooxo7V0vGG0EiACLcB/w640-h360-p-k-no-nu/pexels-photo-30855.jpg]
[ebt-default.blogspot.in/2016/12/travelling-travel-traveling-packing.html]
[ebt-default.blogspot.in/search/label/Clothesd224.html]
[4.bp.blogspot.com/-LRtjl5I73wQ/WIy4MLRy0nI/AAAAAAAABOs/gXxiHL7-V44wG_q3tsa12CqB8MmSqGFPQCLcB/w640-h360-p-k-no-nu/pexels-photo-297933.jpeg]
[ebt-default.blogspot.in/2016/12/blur-box-business-checkered-shirt.html]
[4.bp.blogspot.com/-B-CBHMlApNs/WIy3t-MHbbI/AAAAAAAABOk/taDdo1ylqyAJnIrdXHnAiZb-UlR_n_UPQCLcB/w640-h360-p-k-no-nu/pexels-photo-298864.jpeg]
[ebt-default.blogspot.in/2016/12/classic-close-up-clothes-clothing.html]
[ebt-default.blogspot.in/search/label/Coffeed224.html]
[3.bp.blogspot.com/-p64YbO4Raz0/WIy7GQgiuOI/AAAAAAAABPQ/8pnkstegOiElhgq9lsqSFfLXPsrR-XGrgCLcB/w640-h360-p-k-no-nu/pexels-photo-196651.jpeg]
[ebt-default.blogspot.in/2016/12/white-and-red-couple-heart-mug-filled.html]
[ebt-default.blogspot.in/search/label/Hatd224.html]
[ebt-default.blogspot.in/2016/12/fashion-hat-straw-hat.html]
[3.bp.blogspot.com/-FwRPMIyOI3A/WIy0xJcOqPI/AAAAAAAABOE/upkvljz_iWYTVhUNURjCzLdPh1tMqcj_QCLcB/w640-h360-p-k-no-nu/fashion-hat-straw-hat.jpg]
[2.bp.blogspot.com/-mjvevPzSUdo/WIzAtM87ofI/AAAAAAAABQk/Ov1F4aUx0O8hp_48T-Qrgc1oiVSxkjmHwCK4B/s1600/pexels-photo-283196.jpeg]
[3.bp.blogspot.com/-7rPmnYOj2xo/WJQRdENEjRI/AAAAAAAACAU/bgIodQQ9e7473jwY4agzcqGxzw0IaBYIwCLcB/s150/ttd.png]
[2.bp.blogspot.com/-_i_QqgHuAsE/WIy-P4-FqhI/AAAAAAAABQI/jx9phjrwptAXm-gBE6Zooxo7V0vGG0EiACLcB/w100-h75-p-k-no-nu/pexels-photo-30855.jpg]
[4.bp.blogspot.com/-LRtjl5I73wQ/WIy4MLRy0nI/AAAAAAAABOs/gXxiHL7-V44wG_q3tsa12CqB8MmSqGFPQCLcB/w100-h75-p-k-no-nu/pexels-photo-297933.jpeg]
[3.bp.blogspot.com/-p64YbO4Raz0/WIy7GQgiuOI/AAAAAAAABPQ/8pnkstegOiElhgq9lsqSFfLXPsrR-XGrgCLcB/w100-h75-p-k-no-nu/pexels-photo-196651.jpeg]
[4.bp.blogspot.com/-B-CBHMlApNs/WIy3t-MHbbI/AAAAAAAABOk/taDdo1ylqyAJnIrdXHnAiZb-UlR_n_UPQCLcB/w100-h75-p-k-no-nu/pexels-photo-298864.jpeg]
[ebt-default.blogspot.in/search3f3f.html]
[3.bp.blogspot.com/-FwRPMIyOI3A/WIy0xJcOqPI/AAAAAAAABOE/upkvljz_iWYTVhUNURjCzLdPh1tMqcj_QCLcB/w100-h75-p-k-no-nu/fashion-hat-straw-hat.jpg]
[ebt-default.blogspot.in/search/label/Clothes.html]
[ebt-default.blogspot.in/search/label/Coffee.html]
[ebt-default.blogspot.in/search/label/Glasses.html]
[ebt-default.blogspot.in/search/label/Hat.html]
[ebt-default.blogspot.in/search/label/Shoes.html]
[ebt-default.blogspot.in/2016/12/pile-of-shirts-hanged-in-shirt-rack.html]
[ebt-default.blogspot.in/2016/12/index.html]
[ebt-default.blogspot.in/2016/index.html]
[badges.instagram.com/static/thirdparty/images/badges/ig-badge-view-24.png/c2f23494e67d.png]
[ebt-default.blogspot.in/2016/12/assorted-clothes-hanged-on-wall-hook.html]
[ebt-default.blogspot.in/2016/11/index.html]
[apis.google.com/js/plusone.js]
[ebt-default.blogspot.in/2016/10/index.html]
[ebt-default.blogspot.in/2f-2e-p-k-H-P/index.html]
[ebt-default.blogspot.in/2Q-2Y-p-k-H-P/index.html]
[www.blogger.com/static/v1/widgets/1909267815-widgets.js]
[ebt-default.blogspot.in/index.html]
[cdnjs.cloudflare.com/ajax/libs/twitter-bootstrap/3.3.7/css/bootstrap.min.css]
[cdnjs.cloudflare.com/ajax/libs/font-awesome/4.7.0/css/font-awesome.min.css]
[ebt-default.blogspot.in/Popover requires tooltip.html]
[ebt-default.blogspot.in/index0daf.html]
[ebt-default.blogspot.in/2c-2l-p-k-H-P/index.html]
[ebt-default.blogspot.in/24-26-p-k-H-P/index.html]
[ebt-default.blogspot.in/search/label/Shoesa5b4.html]
[ebt-default.blogspot.in/2016/12/travelling-travel-traveling-packing562e.html]
[ebt-default.blogspot.in/search/label/Clothesa5b4.html]
[ebt-default.blogspot.in/2016/12/blur-box-business-checkered-shirt562e.html]
[ebt-default.blogspot.in/2016/12/classic-close-up-clothes-clothing562e.html]
[ebt-default.blogspot.in/search/label/Coffeea5b4.html]
[ebt-default.blogspot.in/2016/12/white-and-red-couple-heart-mug-filled562e.html]
[ebt-default.blogspot.in/search/label/Hata5b4.html]
[ebt-default.blogspot.in/2016/12/fashion-hat-straw-hat562e.html]
[ebt-default.blogspot.in/search39e9.html]
[ebt-default.blogspot.in/search/label/Clothes562e.html]
[ebt-default.blogspot.in/search/label/Coffee562e.html]
[ebt-default.blogspot.in/search/label/Glasses562e.html]
[ebt-default.blogspot.in/search/label/Hat562e.html]
[ebt-default.blogspot.in/search/label/Shoes562e.html]
[ebt-default.blogspot.in/2016/index562e.html]
[ebt-default.blogspot.in/2016/12/pile-of-shirts-hanged-in-shirt-rack562e.html]
[ebt-default.blogspot.in/2016/12/index562e.html]
[ebt-default.blogspot.in/index562e.html]
[ebt-default.blogspot.in/2016/12/assorted-clothes-hanged-on-wall-hook562e.html]
[ebt-default.blogspot.in/index2b4c.html]
[ebt-default.blogspot.in/search/label/Shoes23c5.html]
[ebt-default.blogspot.in/2016/10/index562e.html]
[ebt-default.blogspot.in/2016/11/index562e.html]
[ebt-default.blogspot.in/search/label/Popover requires tooltip.html]
[ebt-default.blogspot.in/search/label/Shoes0daf.html]
[2.bp.blogspot.com/-jIi_3zKsLSI/WIy4xQxp3SI/AAAAAAAABO0/atLMEX2GBuU46X4aCifJrAHyl_p6-VIzwCLcB/w640-h360-p-k-no-nu/pexels-photo-137603.jpeg]
[ebt-default.blogspot.in/2016/11/bow-elegant-fashion-fashionable.html]
[ebt-default.blogspot.in/2016/11/shoes-marriage-flowers-love.html]
[1.bp.blogspot.com/-QidHgpBZqgc/WIy5Z0QmkXI/AAAAAAAABO8/5GjIyhfscYQExX-x8rqa7SVRX16mdBXLgCLcB/w640-h360-p-k-no-nu/pexels-photo-25015.jpg]
[4.bp.blogspot.com/-6TJOk-DEAjA/WIy58UAJrLI/AAAAAAAABPE/dcaWxz665DEEIEub4BvlSy4D3fY-TjwgwCLcB/w640-h360-p-k-no-nu/pexels-photo-200048.jpeg]
[ebt-default.blogspot.in/2016/11/white-peep-toe-back-strap-flats.html]
[ebt-default.blogspot.in/search/label/Shoesd224.html]
[ebt-default.blogspot.in/search/label/Shoesf833.html]
[2.bp.blogspot.com/-_i_QqgHuAsE/WIy-P4-FqhI/AAAAAAAABQI/jx9phjrwptAXm-gBE6Zooxo7V0vGG0EiACLcB/s1600/pexels-photo-30855.jpg]
[ebt-default.blogspot.in/2016/12/Popover requires tooltip.42.delayed]
[ebt-default.blogspot.in/2016/12/travelling-travel-traveling-packing0daf.html]
[ebt-default.blogspot.in/search/label/Glasses9d0e.html]
[ebt-default.blogspot.in/search/label/Hat9d0e.html]
[lh4.googleusercontent.com/-cz3OCLkZBpk/AAAAAAAAAAI/AAAAAAAAAO4/iSUlrq8VxrI/w100-h100-p-k-no-nu/photo.jpg]
[lh4.googleusercontent.com/-cz3OCLkZBpk/AAAAAAAAAAI/AAAAAAAAAO4/iSUlrq8VxrI/w70-h70-p-k-no-nu/photo.jpg]
[img1.blogblog.com/img/blank.gif]
[lh4.googleusercontent.com/-dGvBC7lCNas/AAAAAAAAAAI/AAAAAAAACME/6-dmbhPvr-o/w70-h70-p-k-no-nu/photo.jpg]
[lh6.googleusercontent.com/-NSGYymBXAiM/AAAAAAAAAAI/AAAAAAAAAX4/X9YeoxEUdJI/w70-h70-p-k-no-nu/photo.jpg]
[ebt-default.blogspot.in/search/label/Shoes9d0e.html]
[www.blogger.com/static/v1/jsbin/3223910711-comment_from_post_iframe.js]
[ebt-default.blogspot.in/2016/12/travelling-travel-traveling-packing.html]
[ebt-default.blogspot.in/search/label/Clothes23c5.html]
[4.bp.blogspot.com/-iixn2SUu-eI/WIyzwEMh8rI/AAAAAAAABN4/5m1O0hLmHi0PGjZJT0rSfFwFhesuG6lGACLcB/w640-h360-p-k-no-nu/pexels-photo-102129.jpeg]
[ebt-default.blogspot.in/search/label/Clothes0daf.html]
[2.bp.blogspot.com/-ZiBfLAtkADo/WIy0PdtucmI/AAAAAAAABN8/CiBL68C83NcENYjh4PxJ2Z5r488QKkL8wCLcB/w640-h360-p-k-no-nu/pexels-photo-111149.jpeg]
[ebt-default.blogspot.in/2016/11/classic-clothes-commerce-fashion.html]
[3.bp.blogspot.com/-IMXa61k_MTE/WIy3P-X3ZjI/AAAAAAAABOg/k0259Vw5yzgK5hn4H2b7aknM_Yk386YnACLcB/w640-h360-p-k-no-nu/pexels-photo-298863.jpeg]
[ebt-default.blogspot.in/search/label/Clothesd224.html]
[4.bp.blogspot.com/-LRtjl5I73wQ/WIy4MLRy0nI/AAAAAAAABOs/gXxiHL7-V44wG_q3tsa12CqB8MmSqGFPQCLcB/s1600/pexels-photo-297933.jpeg]
[ebt-default.blogspot.in/search/label/Clothes58d3.html]
[ebt-default.blogspot.in/2016/12/blur-box-business-checkered-shirt0daf.html]
[ebt-default.blogspot.in/2016/12/blur-box-business-checkered-shirt.html]
[4.bp.blogspot.com/-B-CBHMlApNs/WIy3t-MHbbI/AAAAAAAABOk/taDdo1ylqyAJnIrdXHnAiZb-UlR_n_UPQCLcB/s1600/pexels-photo-298864.jpeg]
[ebt-default.blogspot.in/search/label/Clothes9d0e.html]
[ebt-default.blogspot.in/2016/12/classic-close-up-clothes-clothing.html]
[ebt-default.blogspot.in/2016/12/classic-close-up-clothes-clothing0daf.html]
[ebt-default.blogspot.in/search/label/Coffee23c5.html]
[ebt-default.blogspot.in/search/label/Coffee0daf.html]
[3.bp.blogspot.com/-KHm77RXwTco/WIy6vMdzlxI/AAAAAAAABPM/EN-YjSroUeETtS5o1b64aOKz32YUY7k1ACLcB/w640-h360-p-k-no-nu/pexels-photo-188942.jpeg]
[ebt-default.blogspot.in/2016/11/coffee-on-white-ceramic-mug-near-brown.html]
[4.bp.blogspot.com/-FCLl1zenK2Q/WIy7vim6xAI/AAAAAAAABPg/WYXyTT1JO9QWWKfgTsz-8l0DKX6HQ0K4gCLcB/w640-h360-p-k-no-nu/pexels-photo-175926.jpeg]
[ebt-default.blogspot.in/2016/11/caffeine-cappuccino-coffee-cup.html]
[ebt-default.blogspot.in/search/label/Glassesd224.html]
[3.bp.blogspot.com/-CQB0bWrPOr8/WIy8Xer9n2I/AAAAAAAABPo/bVBrMaqk7CYCs6VHFCHA4lFlKfswKXx9gCLcB/w640-h360-p-k-no-nu/pexels-photo-70232.jpeg]
[ebt-default.blogspot.in/2016/10/eyeglasses-near-white-ceramic-mug.html]
[1.bp.blogspot.com/-qsoLi-LDlTs/WIy8zLgBIpI/AAAAAAAABPw/YD4ek02xVPg72gIctGEFyTz_itaJ_oUTQCLcB/w640-h360-p-k-no-nu/pexels-photo-29979.jpg]
[ebt-default.blogspot.in/2016/10/eyeglasses-chocolate-chip-cookies.html]
[ebt-default.blogspot.in/search/label/Coffeed224.html]
[3.bp.blogspot.com/-p64YbO4Raz0/WIy7GQgiuOI/AAAAAAAABPQ/8pnkstegOiElhgq9lsqSFfLXPsrR-XGrgCLcB/s1600/pexels-photo-196651.jpeg]
[ebt-default.blogspot.in/search/label/Coffee1358.html]
[ebt-default.blogspot.in/2016/12/white-and-red-couple-heart-mug-filled.html]
[ebt-default.blogspot.in/2016/12/white-and-red-couple-heart-mug-filled0daf.html]
[ebt-default.blogspot.in/search/label/Coffee9d0e.html]
[ebt-default.blogspot.in/search/label/Hat23c5.html]
[ebt-default.blogspot.in/search/label/Hat0daf.html]
[ebt-default.blogspot.in/2016/11/flying-hat.html]
[3.bp.blogspot.com/-NH-llzNxD34/WIy-0dzOUYI/AAAAAAAABQQ/22qdKvZEEbg3dgZeqzicNVeh3qgpfEXtACLcB/w640-h360-p-k-no-nu/flying-hat.jpg]
[ebt-default.blogspot.in/2016/11/brown-strawhat-beside-brown-aviator.html]
[2.bp.blogspot.com/-MEkC2a2Jvbo/WIy1dkWQSpI/AAAAAAAABOM/rHY6mo2qDBg_bpqlBnaBYljRI-i4wbqAwCLcB/w640-h360-p-k-no-nu/sunglasses-glasses-sun-sun-protection-157866.jpeg]
[ebt-default.blogspot.in/search/label/Hatd224.html]
[3.bp.blogspot.com/-FwRPMIyOI3A/WIy0xJcOqPI/AAAAAAAABOE/upkvljz_iWYTVhUNURjCzLdPh1tMqcj_QCLcB/s1600/fashion-hat-straw-hat.jpg]
[ebt-default.blogspot.in/search/label/Hat1a95.html]
[ebt-default.blogspot.in/2016/12/fashion-hat-straw-hat.html]
[ebt-default.blogspot.in/2016/12/fashion-hat-straw-hat0daf.html]
[ebt-default.blogspot.in/search781f.html]
[ebt-default.blogspot.in/search0daf.html]
[ebt-default.blogspot.in/search562e.html]
[3.bp.blogspot.com/--Rz6zULTUUU/WIy9oBGFNzI/AAAAAAAABQA/YWN8AVruFpoIssOFlXO2r1BRpWuaH1CdACLcB/w640-h360-p-k-no-nu/sunglasses-glasses-fashion-40902.jpeg]
[ebt-default.blogspot.in/2016/11/black-grey-framed-aviator-style.html]
[ebt-default.blogspot.in/search3f3f.html]
[ebt-default.blogspot.in/searchc4ce.html]
[ebt-default.blogspot.in/search/label/Clothes.html]
[ebt-default.blogspot.in/search/label/Clothes6aeb.html]
[ebt-default.blogspot.in/2016/10/white-coffee-mug-beside-coffee-beans.html]
[4.bp.blogspot.com/-f0d7iq80Yts/WIy7cGVuZrI/AAAAAAAABPY/1BU_09LTFe4g5RvV5zqNNT8cFbXFgOGqwCLcB/w640-h360-p-k-no-nu/coffee-cup-and-saucer-black-coffee-loose-coffee-beans-160834.jpeg]
[ebt-default.blogspot.in/search/label/Coffee.html]
[ebt-default.blogspot.in/search/label/Glasses0daf.html]
[4.bp.blogspot.com/-UsU8N6cY2Es/WIy2UmKBSFI/AAAAAAAABOY/S_0l5C8F8lgGQyJAMeGo7aF241-b7xPYgCLcB/w640-h360-p-k-no-nu/pexels-photo-39716.jpeg]
[ebt-default.blogspot.in/2016/11/close-up-view-glasses.html]
[1.bp.blogspot.com/-1aSfLgqAezI/WIy9LBHNrSI/AAAAAAAABP4/HH2hkY7jTsIWaXe05V_lzq_UvtnQasnOgCLcB/w640-h360-p-k-no-nu/wood-light-glass-table.jpg]
[ebt-default.blogspot.in/2016/10/wood-light-glass-table.html]
[ebt-default.blogspot.in/search/label/Glasses.html]
[ebt-default.blogspot.in/search/label/Glasses754e.html]
[ebt-default.blogspot.in/search/label/Hat.html]
[ebt-default.blogspot.in/search/label/Hat3110.html]
[ebt-default.blogspot.in/search/label/Shoes.html]
[ebt-default.blogspot.in/search/label/Shoes6aeb.html]
[ebt-default.blogspot.in/2016/Popover requires tooltip.82.delayed]
[ebt-default.blogspot.in/2016/index.html]
[ebt-default.blogspot.in/2016/12/index.html]
[ebt-default.blogspot.in/2016/index0daf.html]
[4.bp.blogspot.com/-iixn2SUu-eI/WIyzwEMh8rI/AAAAAAAABN4/5m1O0hLmHi0PGjZJT0rSfFwFhesuG6lGACLcB/s1600/pexels-photo-102129.jpeg]
[ebt-default.blogspot.in/2016/12/index0daf.html]
[ebt-default.blogspot.in/search2bf8.html]
[ebt-default.blogspot.in/2016/12/pile-of-shirts-hanged-in-shirt-rack.html]
[ebt-default.blogspot.in/2016/12/pile-of-shirts-hanged-in-shirt-rack0daf.html]
[2.bp.blogspot.com/-ZiBfLAtkADo/WIy0PdtucmI/AAAAAAAABN8/CiBL68C83NcENYjh4PxJ2Z5r488QKkL8wCLcB/s1600/pexels-photo-111149.jpeg]
[ebt-default.blogspot.in/2016/12/assorted-clothes-hanged-on-wall-hook.html]
[ebt-default.blogspot.in/2016/12/assorted-clothes-hanged-on-wall-hook0daf.html]
[ebt-default.blogspot.in/2016/11/Popover requires tooltip.88.delayed]
[ebt-default.blogspot.in/2016/11/index.html]
[ebt-default.blogspot.in/search4833.html]
[ebt-default.blogspot.in/2016/11/index0daf.html]
[ebt-default.blogspot.in/searchcc38.html]
[ebt-default.blogspot.in/2016/10/Popover requires tooltip.8b.delayed]
[ebt-default.blogspot.in/2016/10/index.html]
[ebt-default.blogspot.in/2f-2e-p-k-H-P/index.html]
[ebt-default.blogspot.in/2Q-2Y-p-k-H-P/index.html]
[ebt-default.blogspot.in/2c-2l-p-k-H-P/index.html]
[ebt-default.blogspot.in/24-26-p-k-H-P/index.html]
[ebt-default.blogspot.in/search/label/Shoesa5b4.html]
[ebt-default.blogspot.in/2016/10/index0daf.html]
[ebt-default.blogspot.in/searcha2a8.html]
[ebt-default.blogspot.in/search/label/Glasses7083.html]
[ebt-default.blogspot.in/search/label/Hat7083.html]
[ebt-default.blogspot.in/2016/12/travelling-travel-traveling-packing.902b4c.delayed]
[ebt-default.blogspot.in/search/label/Shoes7083.html]
[ebt-default.blogspot.in/2016/12/travelling-travel-traveling-packing562e.html]
[ebt-default.blogspot.in/search/label/Clothesa5b4.html]
[ebt-default.blogspot.in/2016/12/travelling-travel-traveling-packing2b4c.html]
[ebt-default.blogspot.in/2016/12/blur-box-business-checkered-shirt.932b4c.delayed]
[ebt-default.blogspot.in/search/label/Clothes7083.html]
[ebt-default.blogspot.in/2016/12/blur-box-business-checkered-shirt562e.html]
[ebt-default.blogspot.in/2016/12/classic-close-up-clothes-clothing.952b4c.delayed]
[ebt-default.blogspot.in/2016/12/blur-box-business-checkered-shirt2b4c.html]
[ebt-default.blogspot.in/2016/12/classic-close-up-clothes-clothing562e.html]
[ebt-default.blogspot.in/search/label/Coffeea5b4.html]
[ebt-default.blogspot.in/2016/12/classic-close-up-clothes-clothing2b4c.html]
[ebt-default.blogspot.in/2016/12/white-and-red-couple-heart-mug-filled.982b4c.delayed]
[ebt-default.blogspot.in/search/label/Coffee7083.html]
[ebt-default.blogspot.in/2016/12/white-and-red-couple-heart-mug-filled562e.html]
[ebt-default.blogspot.in/search/label/Hata5b4.html]
[ebt-default.blogspot.in/2016/12/fashion-hat-straw-hat.9a2b4c.delayed]
[ebt-default.blogspot.in/2016/12/white-and-red-couple-heart-mug-filled2b4c.html]
[ebt-default.blogspot.in/2016/12/fashion-hat-straw-hat562e.html]
[ebt-default.blogspot.in/2016/12/fashion-hat-straw-hat2b4c.html]
[ebt-default.blogspot.in/searchf5f9.html]
[ebt-default.blogspot.in/2016/11/coffee-on-white-ceramic-mug-near-brown562e.html]
[ebt-default.blogspot.in/2016/11/flying-hat562e.html]
[ebt-default.blogspot.in/search/label/Glassesa5b4.html]
[ebt-default.blogspot.in/search39e9.html]
[ebt-default.blogspot.in/2016/11/black-grey-framed-aviator-style562e.html]
[ebt-default.blogspot.in/search3f0c.html]
[ebt-default.blogspot.in/search/label/Clothes562e.html]
[ebt-default.blogspot.in/2016/11/classic-clothes-commerce-fashion562e.html]
[ebt-default.blogspot.in/search/label/Clothes72a6.html]
[ebt-default.blogspot.in/2016/11/caffeine-cappuccino-coffee-cup562e.html]
[ebt-default.blogspot.in/2016/10/eyeglasses-near-white-ceramic-mug562e.html]
[ebt-default.blogspot.in/2016/10/eyeglasses-chocolate-chip-cookies562e.html]
[ebt-default.blogspot.in/search/label/Coffee562e.html]
[ebt-default.blogspot.in/2016/10/white-coffee-mug-beside-coffee-beans562e.html]
[ebt-default.blogspot.in/2016/11/brown-strawhat-beside-brown-aviator562e.html]
[ebt-default.blogspot.in/2016/11/close-up-view-glasses562e.html]
[ebt-default.blogspot.in/search/label/Glasses562e.html]
[ebt-default.blogspot.in/2016/10/wood-light-glass-table562e.html]
[ebt-default.blogspot.in/search/label/Glasses8e40.html]
[ebt-default.blogspot.in/search/label/Hat562e.html]
[ebt-default.blogspot.in/search/label/Hat0daf-2.html]
[ebt-default.blogspot.in/2016/11/bow-elegant-fashion-fashionable562e.html]
[ebt-default.blogspot.in/2016/11/shoes-marriage-flowers-love562e.html]
[ebt-default.blogspot.in/2016/11/white-peep-toe-back-strap-flats562e.html]
[ebt-default.blogspot.in/search/label/Shoes562e.html]
[ebt-default.blogspot.in/2016/index562e.html]
[ebt-default.blogspot.in/2016/index2b4c.html]
[ebt-default.blogspot.in/search/label/Shoes72a6.html]
[ebt-default.blogspot.in/2016/12/index562e.html]
[ebt-default.blogspot.in/2016/12/index2b4c.html]
[ebt-default.blogspot.in/2016/12/pile-of-shirts-hanged-in-shirt-rack.b22b4c.delayed]
[ebt-default.blogspot.in/search2a25.html]
[ebt-default.blogspot.in/2016/12/pile-of-shirts-hanged-in-shirt-rack562e.html]
[ebt-default.blogspot.in/2016/12/assorted-clothes-hanged-on-wall-hook.b42b4c.delayed]
[ebt-default.blogspot.in/2016/12/pile-of-shirts-hanged-in-shirt-rack2b4c.html]
[ebt-default.blogspot.in/2016/12/assorted-clothes-hanged-on-wall-hook562e.html]
[ebt-default.blogspot.in/2016/12/assorted-clothes-hanged-on-wall-hook2b4c.html]
[ebt-default.blogspot.in/2016/11/index562e.html]
[ebt-default.blogspot.in/2016/11/index2b4c.html]
[ebt-default.blogspot.in/searchbc22.html]
[ebt-default.blogspot.in/searcheffd.html]
[ebt-default.blogspot.in/2016/10/index562e.html]
[ebt-default.blogspot.in/2016/10/index2b4c.html]
[ebt-default.blogspot.in/index2b4c.html]
[ebt-default.blogspot.in/search/label/Shoes23c5.html]
[ebt-default.blogspot.in/searcha9f5.html]
[ebt-default.blogspot.com/search/label/Popover requires tooltip.b9.delayed]
[ebt-default.blogspot.in/search/label/Popover requires tooltip-2.html]
[ebt-default.blogspot.in/search/label/Popover requires tooltip.html]
[ebt-default.blogspot.in/search/label/Shoes0daf.html]
[ebt-default.blogspot.in/search/label/Popover requires tooltip0daf.html]
[ebt-default.blogspot.in/search/label/Popover requires tooltip562e.html]
[2.bp.blogspot.com/-jIi_3zKsLSI/WIy4xQxp3SI/AAAAAAAABO0/atLMEX2GBuU46X4aCifJrAHyl_p6-VIzwCLcB/s1600/pexels-photo-137603.jpeg]
[ebt-default.blogspot.in/2016/11/bow-elegant-fashion-fashionable.html]
[ebt-default.blogspot.in/2016/11/bow-elegant-fashion-fashionable0daf.html]
[1.bp.blogspot.com/-QidHgpBZqgc/WIy5Z0QmkXI/AAAAAAAABO8/5GjIyhfscYQExX-x8rqa7SVRX16mdBXLgCLcB/s1600/pexels-photo-25015.jpg]
[ebt-default.blogspot.in/2016/11/shoes-marriage-flowers-love.html]
[4.bp.blogspot.com/-6TJOk-DEAjA/WIy58UAJrLI/AAAAAAAABPE/dcaWxz665DEEIEub4BvlSy4D3fY-TjwgwCLcB/s1600/pexels-photo-200048.jpeg]
[ebt-default.blogspot.in/2016/11/shoes-marriage-flowers-love0daf.html]
[ebt-default.blogspot.in/2016/11/white-peep-toe-back-strap-flats.html]
[ebt-default.blogspot.in/2016/11/white-peep-toe-back-strap-flats0daf.html]
[ebt-default.blogspot.in/search/label/Shoes945d.html]
[ebt-default.blogspot.in/search/label/Shoesf833.html]
[ebt-default.blogspot.in/2016/12/Popover requires tooltip.html]
[ebt-default.blogspot.in/2016/12/travelling-travel-traveling-packing0daf.html]
[ebt-default.blogspot.in/search/label/Shoese4a2.html]
[ebt-default.blogspot.in/search/label/Glasses4e4f.html]
[ebt-default.blogspot.in/search/label/Glasses9d0e.html]
[ebt-default.blogspot.in/search/label/Glassesc302.html]
[ebt-default.blogspot.in/search/label/Hat4e4f.html]
[ebt-default.blogspot.in/search/label/Hat9d0e.html]
[ebt-default.blogspot.in/search/label/Hatec68.html]
[ebt-default.blogspot.in/search/label/Shoes4e4f.html]
[ebt-default.blogspot.in/search/label/Shoes9d0e.html]
[ebt-default.blogspot.in/search/label/Clothes23c5.html]
[ebt-default.blogspot.in/search/label/Clothes0daf.html]
[ebt-default.blogspot.in/search/label/Shoesb21e.html]
[3.bp.blogspot.com/-IMXa61k_MTE/WIy3P-X3ZjI/AAAAAAAABOg/k0259Vw5yzgK5hn4H2b7aknM_Yk386YnACLcB/s1600/pexels-photo-298863.jpeg]
[ebt-default.blogspot.in/2016/11/classic-clothes-commerce-fashion.html]
[ebt-default.blogspot.in/2016/11/classic-clothes-commerce-fashion0daf.html]
[ebt-default.blogspot.in/search/label/Clothes58d3.html]
[ebt-default.blogspot.in/2016/12/blur-box-business-checkered-shirt0daf.html]
[ebt-default.blogspot.in/search/label/Clothesf96c.html]
[ebt-default.blogspot.in/search/label/Clothes4e4f.html]
[ebt-default.blogspot.in/search/label/Clothes9d0e.html]
[ebt-default.blogspot.in/2016/12/classic-close-up-clothes-clothing0daf.html]
[www.google.com/js/bg/u_vpKkTfVfJA6ZWrwXjywFWBUo5nri7XMN2QHWZBx7E.js]
[ebt-default.blogspot.in/search/label/Clothesb21e.html]
[ebt-default.blogspot.in/b/csi971c.js]
[ebt-default.blogspot.in/search/label/Coffee23c5.html]
[ebt-default.blogspot.in/search/label/Coffee0daf.html]
[3.bp.blogspot.com/-KHm77RXwTco/WIy6vMdzlxI/AAAAAAAABPM/EN-YjSroUeETtS5o1b64aOKz32YUY7k1ACLcB/s1600/pexels-photo-188942.jpeg]
[ebt-default.blogspot.in/2016/11/coffee-on-white-ceramic-mug-near-brown.html]
[4.bp.blogspot.com/-FCLl1zenK2Q/WIy7vim6xAI/AAAAAAAABPg/WYXyTT1JO9QWWKfgTsz-8l0DKX6HQ0K4gCLcB/s1600/pexels-photo-175926.jpeg]
[ebt-default.blogspot.in/2016/11/coffee-on-white-ceramic-mug-near-brown0daf.html]
[ebt-default.blogspot.in/2016/11/caffeine-cappuccino-coffee-cup.html]
[ebt-default.blogspot.in/2016/11/caffeine-cappuccino-coffee-cup0daf.html]
[ebt-default.blogspot.in/search/label/Glassesd224.html]
[ebt-default.blogspot.in/search/label/Glasses23c5.html]
[3.bp.blogspot.com/-CQB0bWrPOr8/WIy8Xer9n2I/AAAAAAAABPo/bVBrMaqk7CYCs6VHFCHA4lFlKfswKXx9gCLcB/s1600/pexels-photo-70232.jpeg]
[ebt-default.blogspot.in/search/label/Glassesef81.html]
[ebt-default.blogspot.in/2016/10/eyeglasses-near-white-ceramic-mug.html]
[1.bp.blogspot.com/-qsoLi-LDlTs/WIy8zLgBIpI/AAAAAAAABPw/YD4ek02xVPg72gIctGEFyTz_itaJ_oUTQCLcB/s1600/pexels-photo-29979.jpg]
[ebt-default.blogspot.in/2016/10/eyeglasses-near-white-ceramic-mug0daf.html]
[ebt-default.blogspot.in/2016/10/eyeglasses-chocolate-chip-cookies.html]
[ebt-default.blogspot.in/2016/10/eyeglasses-chocolate-chip-cookies0daf.html]
[ebt-default.blogspot.in/search/label/Coffee1358.html]
[ebt-default.blogspot.in/2016/12/white-and-red-couple-heart-mug-filled0daf.html]
[ebt-default.blogspot.in/search/label/Coffee96af.html]
[ebt-default.blogspot.in/search/label/Coffee9d0e.html]
[ebt-default.blogspot.in/search/label/Hat23c5.html]
[ebt-default.blogspot.in/search/label/Hat0daf.html]
[ebt-default.blogspot.in/search/label/Coffee4e4f.html]
[3.bp.blogspot.com/-NH-llzNxD34/WIy-0dzOUYI/AAAAAAAABQQ/22qdKvZEEbg3dgZeqzicNVeh3qgpfEXtACLcB/s1600/flying-hat.jpg]
[ebt-default.blogspot.in/2016/11/flying-hat.html]
[2.bp.blogspot.com/-MEkC2a2Jvbo/WIy1dkWQSpI/AAAAAAAABOM/rHY6mo2qDBg_bpqlBnaBYljRI-i4wbqAwCLcB/s1600/sunglasses-glasses-sun-sun-protection-157866.jpeg]
[ebt-default.blogspot.in/2016/11/flying-hat0daf.html]
[ebt-default.blogspot.in/2016/11/brown-strawhat-beside-brown-aviator.html]
[ebt-default.blogspot.in/2016/11/brown-strawhat-beside-brown-aviator0daf.html]
[ebt-default.blogspot.in/search/label/Hat1a95.html]
[ebt-default.blogspot.in/2016/12/fashion-hat-straw-hat0daf.html]
[ebt-default.blogspot.in/search781f.html]
[ebt-default.blogspot.in/search/label/Hat3c8b.html]
[ebt-default.blogspot.in/search.html]
[ebt-default.blogspot.in/search0daf.html]
[ebt-default.blogspot.in/search754e.html]
[ebt-default.blogspot.in/search562e.html]
[3.bp.blogspot.com/--Rz6zULTUUU/WIy9oBGFNzI/AAAAAAAABQA/YWN8AVruFpoIssOFlXO2r1BRpWuaH1CdACLcB/s1600/sunglasses-glasses-fashion-40902.jpeg]
[ebt-default.blogspot.in/search8e40.html]
[ebt-default.blogspot.in/2016/11/black-grey-framed-aviator-style.html]
[ebt-default.blogspot.in/2016/11/black-grey-framed-aviator-style0daf.html]
[ebt-default.blogspot.in/search8d9b.html]
[ebt-default.blogspot.in/search3cdf.html]
[ebt-default.blogspot.in/searchc4ce.html]
[ebt-default.blogspot.in/search/label/Clothes6aeb.html]
[ebt-default.blogspot.in/search9e81.html]
[4.bp.blogspot.com/-f0d7iq80Yts/WIy7cGVuZrI/AAAAAAAABPY/1BU_09LTFe4g5RvV5zqNNT8cFbXFgOGqwCLcB/s1600/coffee-cup-and-saucer-black-coffee-loose-coffee-beans-160834.jpeg]
[ebt-default.blogspot.in/search/label/Clothes381e.html]
[ebt-default.blogspot.in/2016/10/white-coffee-mug-beside-coffee-beans.html]
[ebt-default.blogspot.in/search/label/Glasses0daf.html]
[ebt-default.blogspot.in/2016/10/white-coffee-mug-beside-coffee-beans0daf.html]
[4.bp.blogspot.com/-UsU8N6cY2Es/WIy2UmKBSFI/AAAAAAAABOY/S_0l5C8F8lgGQyJAMeGo7aF241-b7xPYgCLcB/s1600/pexels-photo-39716.jpeg]
[ebt-default.blogspot.in/2016/11/close-up-view-glasses.html]
[ebt-default.blogspot.in/2016/11/close-up-view-glasses0daf.html]
[1.bp.blogspot.com/-1aSfLgqAezI/WIy9LBHNrSI/AAAAAAAABP4/HH2hkY7jTsIWaXe05V_lzq_UvtnQasnOgCLcB/s1600/wood-light-glass-table.jpg]
[ebt-default.blogspot.in/2016/10/wood-light-glass-table.html]
[ebt-default.blogspot.in/search/label/Glasses754e.html]
[ebt-default.blogspot.in/2016/10/wood-light-glass-table0daf.html]
[ebt-default.blogspot.in/search/label/Glasses058d.html]
[ebt-default.blogspot.in/search/label/Hat3110.html]
[ebt-default.blogspot.in/search/label/Hat230d.html]
[ebt-default.blogspot.in/search/label/Shoes6aeb.html]
[ebt-default.blogspot.in/2016/Popover requires tooltip.html]
[ebt-default.blogspot.in/2016/index0daf.html]
[ebt-default.blogspot.in/2016/12/index0daf.html]
[ebt-default.blogspot.in/search/label/Shoes381e.html]
[ebt-default.blogspot.in/search52c8.html]
[ebt-default.blogspot.in/search2bf8.html]
[ebt-default.blogspot.in/2016/12/pile-of-shirts-hanged-in-shirt-rack0daf.html]
[ebt-default.blogspot.in/2016/12/assorted-clothes-hanged-on-wall-hook0daf.html]
[ebt-default.blogspot.in/2016/11/Popover requires tooltip.html]
[ebt-default.blogspot.in/2016/11/index0daf.html]
[ebt-default.blogspot.in/search794f.html]
[ebt-default.blogspot.in/search84f8.html]
[ebt-default.blogspot.in/search4833.html]
[ebt-default.blogspot.in/search0547.html]
[ebt-default.blogspot.in/searchcc38.html]
[ebt-default.blogspot.in/2016/10/Popover requires tooltip.html]
[ebt-default.blogspot.in/2016/10/index0daf.html]
[ebt-default.blogspot.in/search1f12.html]
[ebt-default.blogspot.in/search6dc7.html]
[ebt-default.blogspot.in/searchcc7d.html]
[ebt-default.blogspot.in/searcha2a8.html]
[ebt-default.blogspot.in/search/label/Glasses7083.html]
[ebt-default.blogspot.in/search/label/Hat7083.html]
[ebt-default.blogspot.in/search/label/Shoes7083.html]
[ebt-default.blogspot.in/2016/12/travelling-travel-traveling-packing2b4c.html]
[ebt-default.blogspot.in/search/label/Clothes7083.html]
[ebt-default.blogspot.in/2016/12/blur-box-business-checkered-shirt2b4c.html]
[ebt-default.blogspot.in/2016/12/classic-close-up-clothes-clothing2b4c.html]
[ebt-default.blogspot.in/search/label/Coffee7083.html]
[ebt-default.blogspot.in/2016/12/white-and-red-couple-heart-mug-filled2b4c.html]
[ebt-default.blogspot.in/2016/12/fashion-hat-straw-hat2b4c.html]
[ebt-default.blogspot.in/searchf5f9.html]
[ebt-default.blogspot.in/2016/11/coffee-on-white-ceramic-mug-near-brown.fd2b4c.delayed]
[ebt-default.blogspot.in/search98a7.html]
[ebt-default.blogspot.in/2016/11/coffee-on-white-ceramic-mug-near-brown562e.html]
[ebt-default.blogspot.in/2016/11/flying-hat.ff2b4c.delayed]
[ebt-default.blogspot.in/2016/11/coffee-on-white-ceramic-mug-near-brown2b4c.html]
[ebt-default.blogspot.in/2016/11/flying-hat562e.html]
[ebt-default.blogspot.in/search/label/Glassesa5b4.html]
[ebt-default.blogspot.in/2016/11/black-grey-framed-aviator-style.1012b4c.delayed]
[ebt-default.blogspot.in/2016/11/flying-hat2b4c.html]
[ebt-default.blogspot.in/2016/11/black-grey-framed-aviator-style562e.html]
[ebt-default.blogspot.in/2016/11/black-grey-framed-aviator-style2b4c.html]
[ebt-default.blogspot.in/search0738.html]
[ebt-default.blogspot.in/searchdb5e.html]
[ebt-default.blogspot.in/search3f0c.html]
[ebt-default.blogspot.in/2016/11/classic-clothes-commerce-fashion.1062b4c.delayed]
[ebt-default.blogspot.in/search0427.html]
[ebt-default.blogspot.in/2016/11/classic-clothes-commerce-fashion562e.html]
[ebt-default.blogspot.in/2016/11/classic-clothes-commerce-fashion2b4c.html]
[ebt-default.blogspot.in/search/label/Clothes72a6.html]
[ebt-default.blogspot.in/2016/11/caffeine-cappuccino-coffee-cup.1092b4c.delayed]
[ebt-default.blogspot.in/search/label/Clothes1d9a.html]
[ebt-default.blogspot.in/2016/11/caffeine-cappuccino-coffee-cup562e.html]
[ebt-default.blogspot.in/2016/10/eyeglasses-near-white-ceramic-mug.10b2b4c.delayed]
[ebt-default.blogspot.in/2016/11/caffeine-cappuccino-coffee-cup2b4c.html]
[ebt-default.blogspot.in/2016/10/eyeglasses-near-white-ceramic-mug562e.html]
[ebt-default.blogspot.in/2016/10/eyeglasses-chocolate-chip-cookies.10d2b4c.delayed]
[ebt-default.blogspot.in/2016/10/eyeglasses-near-white-ceramic-mug2b4c.html]
[ebt-default.blogspot.in/2016/10/eyeglasses-chocolate-chip-cookies562e.html]
[ebt-default.blogspot.in/2016/10/white-coffee-mug-beside-coffee-beans.10f2b4c.delayed]
[ebt-default.blogspot.in/2016/10/eyeglasses-chocolate-chip-cookies2b4c.html]
[ebt-default.blogspot.in/2016/10/white-coffee-mug-beside-coffee-beans562e.html]
[ebt-default.blogspot.in/2016/11/brown-strawhat-beside-brown-aviator.1112b4c.delayed]
[ebt-default.blogspot.in/2016/10/white-coffee-mug-beside-coffee-beans2b4c.html]
[ebt-default.blogspot.in/2016/11/brown-strawhat-beside-brown-aviator562e.html]
[ebt-default.blogspot.in/2016/11/close-up-view-glasses.1132b4c.delayed]
[ebt-default.blogspot.in/2016/11/brown-strawhat-beside-brown-aviator2b4c.html]
[ebt-default.blogspot.in/2016/11/close-up-view-glasses562e.html]
[ebt-default.blogspot.in/2016/10/wood-light-glass-table.1152b4c.delayed]
[ebt-default.blogspot.in/2016/11/close-up-view-glasses2b4c.html]
[ebt-default.blogspot.in/2016/10/wood-light-glass-table562e.html]
[ebt-default.blogspot.in/2016/10/wood-light-glass-table2b4c.html]
[ebt-default.blogspot.in/search/label/Glasses8e40.html]
[ebt-default.blogspot.in/search/label/Glasses71c3.html]
[ebt-default.blogspot.in/search/label/Hat0daf-2.html]
[ebt-default.blogspot.in/2016/11/bow-elegant-fashion-fashionable.1192b4c.delayed]
[ebt-default.blogspot.in/search/label/Hatf457.html]
[ebt-default.blogspot.in/2016/11/bow-elegant-fashion-fashionable562e.html]
[ebt-default.blogspot.in/2016/11/shoes-marriage-flowers-love.11b2b4c.delayed]
[ebt-default.blogspot.in/2016/11/bow-elegant-fashion-fashionable2b4c.html]
[ebt-default.blogspot.in/2016/11/shoes-marriage-flowers-love562e.html]
[ebt-default.blogspot.in/2016/11/white-peep-toe-back-strap-flats.11d2b4c.delayed]
[ebt-default.blogspot.in/2016/11/shoes-marriage-flowers-love2b4c.html]
[ebt-default.blogspot.in/2016/11/white-peep-toe-back-strap-flats562e.html]
[ebt-default.blogspot.in/search/label/Shoes72a6.html]
[ebt-default.blogspot.in/2016/index2b4c.html]
[ebt-default.blogspot.in/2016/11/white-peep-toe-back-strap-flats2b4c.html]
[ebt-default.blogspot.in/search/label/Shoes1d9a.html]
[ebt-default.blogspot.in/searche0be.html]
[ebt-default.blogspot.in/search2a25.html]
[ebt-default.blogspot.in/2016/12/index2b4c.html]
[ebt-default.blogspot.in/2016/12/pile-of-shirts-hanged-in-shirt-rack2b4c.html]
[ebt-default.blogspot.in/2016/12/assorted-clothes-hanged-on-wall-hook2b4c.html]
[ebt-default.blogspot.in/search1e12.html]
[ebt-default.blogspot.in/search349a.html]
[ebt-default.blogspot.in/searchbc22.html]
[ebt-default.blogspot.in/search067e.html]
[ebt-default.blogspot.in/searcheffd.html]
[ebt-default.blogspot.in/2016/11/index2b4c.html]
[ebt-default.blogspot.in/search7183.html]
[ebt-default.blogspot.in/searchb846.html]
[ebt-default.blogspot.in/search2a68.html]
[ebt-default.blogspot.in/searcha9f5.html]
[ebt-default.blogspot.in/2016/10/index2b4c.html]
[ebt-default.blogspot.in/search9aa7.html]
[ebt-default.blogspot.in/search/label/Popover requires tooltip0daf-2.html]
[ebt-default.blogspot.in/search/label/Popover requires tooltip-2.html]
[ebt-default.blogspot.in/search/label/Popover requires tooltip0daf.html]
[ebt-default.blogspot.in/search/label/Popover requires tooltip.12a2b4c.delayed]
[ebt-default.blogspot.in/search/label/Popover requires tooltip562e-2.html]
[ebt-default.blogspot.in/search/label/Popover requires tooltip.12b2b4c.delayed]
[ebt-default.blogspot.in/search/label/Popover requires tooltip562e.html]
[ebt-default.blogspot.in/2016/11/bow-elegant-fashion-fashionable0daf.html]
[ebt-default.blogspot.in/2016/11/shoes-marriage-flowers-love0daf.html]
[ebt-default.blogspot.in/2016/11/white-peep-toe-back-strap-flats0daf.html]
[ebt-default.blogspot.in/search/label/Shoes945d.html]
[ebt-default.blogspot.in/search/label/Shoese4a2.html]
[ebt-default.blogspot.in/search/label/Glasses4e4f.html]
[ebt-default.blogspot.in/search/label/Shoes269d.html]
[ebt-default.blogspot.in/search/label/Glasses9d41.html]
[ebt-default.blogspot.in/search/label/Glassesc302.html]
[ebt-default.blogspot.in/search/label/Hat4e4f.html]
[ebt-default.blogspot.in/search/label/Glasses61d5.html]
[ebt-default.blogspot.in/search/label/Hatec68.html]
[ebt-default.blogspot.in/search/label/Shoes4e4f.html]
[ebt-default.blogspot.in/search/label/Hat04f6.html]
[ebt-default.blogspot.in/search/label/Shoesb21e.html]
[ebt-default.blogspot.in/2016/11/classic-clothes-commerce-fashion0daf.html]
[ebt-default.blogspot.in/search/label/Clothesf96c.html]
[ebt-default.blogspot.in/search/label/Clothes4e4f.html]
[ebt-default.blogspot.in/search/label/Shoesdecb.html]
[ebt-default.blogspot.in/search/label/Clothesb21e.html]
[ebt-default.blogspot.in/2016/11/coffee-on-white-ceramic-mug-near-brown0daf.html]
[ebt-default.blogspot.in/2016/11/caffeine-cappuccino-coffee-cup0daf.html]
[ebt-default.blogspot.in/search/label/Glasses23c5.html]
[ebt-default.blogspot.in/search/label/Clothesdecb.html]
[ebt-default.blogspot.in/search/label/Glassesb6f3.html]
[ebt-default.blogspot.in/search/label/Glassesef81.html]
[ebt-default.blogspot.in/2016/10/eyeglasses-near-white-ceramic-mug0daf.html]
[ebt-default.blogspot.in/2016/10/eyeglasses-chocolate-chip-cookies0daf.html]
[ebt-default.blogspot.in/search/label/Coffee96af.html]
[ebt-default.blogspot.in/search/label/Coffee4e4f.html]
[ebt-default.blogspot.in/2016/11/flying-hat0daf.html]
[ebt-default.blogspot.in/2016/11/brown-strawhat-beside-brown-aviator0daf.html]
[ebt-default.blogspot.in/search/label/Hat3c8b.html]
[ebt-default.blogspot.in/search.html]
[ebt-default.blogspot.in/search/label/Glasses1d89.html]
[ebt-default.blogspot.in/search754e.html]
[ebt-default.blogspot.in/search058d.html]
[ebt-default.blogspot.in/search8e40.html]
[ebt-default.blogspot.in/2016/11/black-grey-framed-aviator-style0daf.html]
[ebt-default.blogspot.in/search8d9b.html]
[ebt-default.blogspot.in/search71c3.html]
[ebt-default.blogspot.in/search702e.html]
[ebt-default.blogspot.in/search3cdf.html]
[ebt-default.blogspot.in/search589d.html]
[ebt-default.blogspot.in/search734d.html]
[ebt-default.blogspot.in/search9e81.html]
[ebt-default.blogspot.in/search/label/Clothes381e.html]
[ebt-default.blogspot.in/2016/10/white-coffee-mug-beside-coffee-beans0daf.html]
[ebt-default.blogspot.in/2016/11/close-up-view-glasses0daf.html]
[ebt-default.blogspot.in/2016/10/wood-light-glass-table0daf.html]
[ebt-default.blogspot.in/search/label/Glasses058d.html]
[ebt-default.blogspot.in/search/label/Hat230d.html]
[ebt-default.blogspot.in/search/label/Shoes381e.html]
[ebt-default.blogspot.in/search52c8.html]
[ebt-default.blogspot.in/search864e.html]
[ebt-default.blogspot.in/searchf250.html]
[ebt-default.blogspot.in/search167d.html]
[ebt-default.blogspot.in/search794f.html]
[ebt-default.blogspot.in/search84f8.html]
[ebt-default.blogspot.in/searchf2b5.html]
[ebt-default.blogspot.in/search0547.html]
[ebt-default.blogspot.in/search1f12.html]
[ebt-default.blogspot.in/search6dc7.html]
[ebt-default.blogspot.in/search6c86.html]
[ebt-default.blogspot.in/search98a9.html]
[ebt-default.blogspot.in/search478f.html]
[ebt-default.blogspot.in/searchcc7d.html]
[ebt-default.blogspot.in/search98a7.html]
[ebt-default.blogspot.in/2016/11/coffee-on-white-ceramic-mug-near-brown2b4c.html]
[ebt-default.blogspot.in/2016/11/flying-hat2b4c.html]
[ebt-default.blogspot.in/2016/11/black-grey-framed-aviator-style2b4c.html]
[ebt-default.blogspot.in/search0738.html]
[ebt-default.blogspot.in/search311b.html]
[ebt-default.blogspot.in/search3874.html]
[ebt-default.blogspot.in/searchc924.html]
[ebt-default.blogspot.in/searchdb5e.html]
[ebt-default.blogspot.in/searche05a.html]
[ebt-default.blogspot.in/searcha68c.html]
[ebt-default.blogspot.in/search4a9d.html]
[ebt-default.blogspot.in/search0427.html]
[ebt-default.blogspot.in/2016/11/classic-clothes-commerce-fashion2b4c.html]
[ebt-default.blogspot.in/search/label/Clothes1d9a.html]
[ebt-default.blogspot.in/2016/11/caffeine-cappuccino-coffee-cup2b4c.html]
[ebt-default.blogspot.in/2016/10/eyeglasses-near-white-ceramic-mug2b4c.html]
[ebt-default.blogspot.in/2016/10/eyeglasses-chocolate-chip-cookies2b4c.html]
[ebt-default.blogspot.in/2016/10/white-coffee-mug-beside-coffee-beans2b4c.html]
[ebt-default.blogspot.in/2016/11/brown-strawhat-beside-brown-aviator2b4c.html]
[ebt-default.blogspot.in/2016/11/close-up-view-glasses2b4c.html]
[ebt-default.blogspot.in/2016/10/wood-light-glass-table2b4c.html]
[ebt-default.blogspot.in/search/label/Glasses71c3.html]
[ebt-default.blogspot.in/search/label/Hatf457.html]
[ebt-default.blogspot.in/2016/11/bow-elegant-fashion-fashionable2b4c.html]
[ebt-default.blogspot.in/2016/11/shoes-marriage-flowers-love2b4c.html]
[ebt-default.blogspot.in/2016/11/white-peep-toe-back-strap-flats2b4c.html]
[ebt-default.blogspot.in/search/label/Shoes1d9a.html]
[ebt-default.blogspot.in/searche0be.html]
[ebt-default.blogspot.in/search4fa5.html]
[ebt-default.blogspot.in/searchfb0f.html]
[ebt-default.blogspot.in/search1e12.html]
[ebt-default.blogspot.in/search349a.html]
[ebt-default.blogspot.in/search5e90.html]
[ebt-default.blogspot.in/searchc16c.html]
[ebt-default.blogspot.in/search067e.html]
[ebt-default.blogspot.in/search7183.html]
[ebt-default.blogspot.in/searchb846.html]
[ebt-default.blogspot.in/searchfa30.html]
[ebt-default.blogspot.in/search4402.html]
[ebt-default.blogspot.in/search2a68.html]
[ebt-default.blogspot.in/search9aa7.html]
[ebt-default.blogspot.in/search/label/Popover requires tooltip0daf-2.html]
[ebt-default.blogspot.in/search/label/Popover requires tooltip562e-2.html]
[ebt-default.blogspot.in/search/label/Popover requires tooltip2b4c.html]
[ebt-default.blogspot.in/search/label/Shoes269d.html]
[ebt-default.blogspot.in/search/label/Glasses9d41.html]
[ebt-default.blogspot.in/searchbcc9.html]
[ebt-default.blogspot.in/search8aec.html]
[ebt-default.blogspot.in/search/label/Glasses61d5.html]
[ebt-default.blogspot.in/search/label/Hat04f6.html]
[ebt-default.blogspot.in/search/label/Shoesdecb.html]
[ebt-default.blogspot.in/search/label/Clothesdecb.html]
[ebt-default.blogspot.in/search/label/Glassesb6f3.html]
[ebt-default.blogspot.in/search/label/Glasses6051.html]
[ebt-default.blogspot.in/search/label/Glasses1d89.html]
[ebt-default.blogspot.in/search058d.html]
[ebt-default.blogspot.in/search71c3.html]
[ebt-default.blogspot.in/search702e.html]
[ebt-default.blogspot.in/search/label/Glasses2349.html]
[ebt-default.blogspot.in/search4d85.html]
[ebt-default.blogspot.in/search589d.html]
[ebt-default.blogspot.in/search734d.html]
[ebt-default.blogspot.in/search6e32.html]
[ebt-default.blogspot.in/search0e18.html]
[ebt-default.blogspot.in/search864e.html]
[ebt-default.blogspot.in/searche468.html]
[ebt-default.blogspot.in/search209a.html]
[ebt-default.blogspot.in/searchf250.html]
[ebt-default.blogspot.in/search167d.html]
[ebt-default.blogspot.in/searchc0f5.html]
[ebt-default.blogspot.in/searchf2b5.html]
[ebt-default.blogspot.in/search98a9.html]
[ebt-default.blogspot.in/search8f3b.html]
[ebt-default.blogspot.in/search6c86.html]
[ebt-default.blogspot.in/search478f.html]
[ebt-default.blogspot.in/search1258.html]
[ebt-default.blogspot.in/search2eaa.html]
[ebt-default.blogspot.in/search2002.html]
[ebt-default.blogspot.in/search311b.html]
[ebt-default.blogspot.in/search3874.html]
[ebt-default.blogspot.in/searchc924.html]
[ebt-default.blogspot.in/searchb489.html]
[ebt-default.blogspot.in/search3d13.html]
[ebt-default.blogspot.in/searche05a.html]
[ebt-default.blogspot.in/searcha68c.html]
[ebt-default.blogspot.in/searchfe17.html]
[ebt-default.blogspot.in/search499c.html]
[ebt-default.blogspot.in/search4a9d.html]
[ebt-default.blogspot.in/searchfdd5.html]
[ebt-default.blogspot.in/search174d.html]
[ebt-default.blogspot.in/search4fa5.html]
[ebt-default.blogspot.in/searchfb0f.html]
[ebt-default.blogspot.in/search4b97.html]
[ebt-default.blogspot.in/search5e90.html]
[ebt-default.blogspot.in/searchc16c.html]
[ebt-default.blogspot.in/search7041.html]
[ebt-default.blogspot.in/search887c.html]
[ebt-default.blogspot.in/searchfa30.html]
[ebt-default.blogspot.in/search4402.html]
[ebt-default.blogspot.in/search191a.html]
[ebt-default.blogspot.in/search0008.html]
[ebt-default.blogspot.in/searchbcc9.html]
[ebt-default.blogspot.in/search8aec.html]
[ebt-default.blogspot.in/search/label/Glasses6051.html]
[ebt-default.blogspot.in/search/label/Glasses2349.html]
[ebt-default.blogspot.in/search4d85.html]
[ebt-default.blogspot.in/searcheaf4.html]
[ebt-default.blogspot.in/searchffe1.html]
[ebt-default.blogspot.in/search6e32.html]
[ebt-default.blogspot.in/search0e18.html]
[ebt-default.blogspot.in/searcheceb.html]
[ebt-default.blogspot.in/search0c2e.html]
[ebt-default.blogspot.in/searche468.html]
[ebt-default.blogspot.in/search209a.html]
[ebt-default.blogspot.in/search05d5.html]
[ebt-default.blogspot.in/search020e.html]
[ebt-default.blogspot.in/searchc0f5.html]
[ebt-default.blogspot.in/search8f3b.html]
[ebt-default.blogspot.in/search1258.html]
[ebt-default.blogspot.in/search7bb6.html]
[ebt-default.blogspot.in/search2eaa.html]
[ebt-default.blogspot.in/search2002.html]
[ebt-default.blogspot.in/search06a3.html]
[ebt-default.blogspot.in/searchb489.html]
[ebt-default.blogspot.in/search3d13.html]
[ebt-default.blogspot.in/searchfe32.html]
[ebt-default.blogspot.in/searchcacc.html]
[ebt-default.blogspot.in/searchfe17.html]
[ebt-default.blogspot.in/search499c.html]
[ebt-default.blogspot.in/search6a6b.html]
[ebt-default.blogspot.in/searchfdd5.html]
[ebt-default.blogspot.in/search174d.html]
[ebt-default.blogspot.in/search21cd.html]
[ebt-default.blogspot.in/searchf85a.html]
[ebt-default.blogspot.in/search318c.html]
[ebt-default.blogspot.in/search4b97.html]
[ebt-default.blogspot.in/search7041.html]
[ebt-default.blogspot.in/search887c.html]
[ebt-default.blogspot.in/searchaf92.html]
[ebt-default.blogspot.in/search191a.html]
[ebt-default.blogspot.in/search0008.html]
[ebt-default.blogspot.in/search2bcd.html]
[ebt-default.blogspot.in/searcheaf4.html]
[ebt-default.blogspot.in/searchffe1.html]
[ebt-default.blogspot.in/searchcd78.html]
[ebt-default.blogspot.in/searcheceb.html]
[ebt-default.blogspot.in/search0c2e.html]
[ebt-default.blogspot.in/search816f.html]
[ebt-default.blogspot.in/search05d5.html]
[ebt-default.blogspot.in/search020e.html]
[ebt-default.blogspot.in/searchfa58.html]
[ebt-default.blogspot.in/search7bb6.html]
[ebt-default.blogspot.in/search06a3.html]
[ebt-default.blogspot.in/searchfe32.html]
[ebt-default.blogspot.in/searchcacc.html]
[ebt-default.blogspot.in/search4b4a.html]
[ebt-default.blogspot.in/search6a6b.html]
[ebt-default.blogspot.in/search21cd.html]
[ebt-default.blogspot.in/search6f60.html]
[ebt-default.blogspot.in/searchf85a.html]
[ebt-default.blogspot.in/search318c.html]
[ebt-default.blogspot.in/searcha50d.html]
[ebt-default.blogspot.in/searchaf92.html]
[ebt-default.blogspot.in/search2bcd.html]
[ebt-default.blogspot.in/searchcd78.html]
[ebt-default.blogspot.in/search816f.html]
[ebt-default.blogspot.in/searchfa58.html]
[ebt-default.blogspot.in/search4b4a.html]
[ebt-default.blogspot.in/search6f60.html]
[ebt-default.blogspot.in/searcha50d.html]
[ebt-default.blogspot.in/search1a75.html]
[ebt-default.blogspot.in/search1a75.html]
